---
source: src/tests/e2e/test_ai.rs
assertion_line: 304
expression: harness.buffer_as_string()
---
                                                                                
                                                                                
                                                                                
                                                                                
                                                                                
                                                                                
  ┌ Shell Input Approval ────────────────────────────────────────────────────┐  
  │The AI suggests shell input:                                              │  
  │                                                                          │  
  │cargo test --manifest-path src/Cargo.toml                                 │  
  │very_long_filter_name_that_wraps_cleanly                                  │  
  │\u0003                                                                    │  
  │                                                                          │  
  │Description:                                                              │  
  │Run the focused regression test before approving.                         │  
  │                                                                          │  
  │                         Approve (Y)    Deny (N)                          │  
  └──────────────────────────────────────────────────────────────────────────┘
