---
source: src/tests/terminal_snapshots/support.rs
expression: snapshot
---
guest-ready





           [0m[38;5;6m[48;5;0m┌ Switch Agent ──────────────────────────────────────────┐[0m
           [0m[38;5;6m[48;5;0m│[0m[38;5;15m[48;5;0m  claude[0m[38;5;6m[48;5;0m                                                │[0m
           [0m[38;5;6m[48;5;0m│[0m[38;5;15m[48;5;0m  codex[0m[38;5;6m[48;5;0m                                                 │[0m
           [0m[38;5;6m[48;5;0m│[0m[38;5;15m[48;5;0m  opencode[0m[38;5;6m[48;5;0m                                              │[0m
           [0m[38;5;6m[48;5;0m│[0m[1m[38;5;0m[48;5;6m› snapshot[0m[38;5;6m[48;5;0m                                              │[0m
           [0m[38;5;6m[48;5;0m│                                                        │[0m
[0m[38;5;6m[48;5;0m ↓ agent.sh│↑/↓ select  Enter switch  Esc cancel                    │───────────[0m
[0m[1m[38;5;5magent-ready[0m[38;5;6m[48;5;0m│                                                        │[0m
           [0m[38;5;6m[48;5;0m│                                                        │[0m
           [0m[38;5;6m[48;5;0m│                                                        │[0m
           [0m[38;5;6m[48;5;0m└────────────────────────────────────────────────────────┘[0m
                                                                     [0m[15;1H
