---
source: src/tests/terminal_snapshots/support.rs
expression: snapshot
---
[36mhistory-01[m
[36mhistory-02[m
[36mhistory-03[m
[36mhistory-04[m
[36mhistory-05[m
[36mhistory-06[m
[36mhistory-07[m
[36mhistory-08[m
[36mhistory-09[m
[36mhistory-10[m
[36mhistory-11[m
[36mhistory-12[m
[36mhistory-13[m
[36mhistory-14[m
[36mhistory-15[m
[36mhistory-16[m
[36mhistory-17[m
[36mhistory-18[m
[36mhistory-19[m
[36mhistory-20[m
[36mhistory-21[m
[36mhistory-22[m
[36mhistory-23[m
[36mhistory-24[m
[36mhistory-25[m
[36mhistory-26[m
[36mhistory-27[m
[36mhistory-28[m
[36mhistory-29[m
[36mhistory-30[m
soft-wrap-abcdefghijklmnopqrstuvwxyz-ABCDEFGHIJKLMNOPQRSTUVWXYZ-0123456789-abcde[m
fghijklmnopqrstuvwxyz[m
scrollback-ready[m
[m
