---
source: src/tests/terminal_snapshots/support.rs
expression: snapshot
---

[mhistory-01
[mhistory-02
[mhistory-03
[mhistory-04
[mhistory-05
[mhistory-06
[mhistory-07
[mhistory-08
[mhistory-09
[mhistory-10[m
[mhistory-11
[mhistory-12
[mhistory-13
[mhistory-14
[mhistory-15
[mhistory-16
[mhistory-17
[mhistory-18
[mhistory-19
[mhistory-20
[mhistory-21
[mhistory-22
[mhistory-23
[mhistory-24
[mhistory-25
[mhistory-26
[mhistory-27
[mhistory-28
[mhistory-29
[mhistory-30
[msoft-wrap-abcdefghijklmnopqrstuvwxyz-ABCDEFGHIJKLMNOPQRSTUVWXYZ-0123456789-abcdefghijklmnopqrstuvwxyz
[mscrollback-ready
[m
