---
source: src/tests/terminal_snapshots/support.rs
expression: snapshot
---
guest-ready         





                                                                                
                                                                                
           [38;5;6m[48;5;0m┌ Clear AI-Readable History? ────────────────────────────┐[39m[49m           
           [38;5;6m[48;5;0m│Remove Terminai's internal shell scrollback?            │[39m[49m           
           [38;5;6m[48;5;0m│The visible screen and native terminal history remain.  │[39m[49m           
           [38;5;6m[48;5;0m│                                                        │[39m[49m           
[38;5;6m[48;5;0m ↓ agent.sh│[38;5;0m[48;5;1m Confirm [38;5;6m[48;5;0m  [38;5;15m Cancel [38;5;6m                                     │───────────
[1m[38;5;5m[49magent-ready[0m[38;5;6m[48;5;0m│                                                        │[39m[49m           
           [38;5;6m[48;5;0m│                                                        │[39m[49m           
           [38;5;6m[48;5;0m└────────────────────────────────────────────────────────┘[39m[49m
