---
source: src/tests/terminal_snapshots/support.rs
expression: snapshot
---
history-01[m
history-02[m
history-03[m
history-04[m
history-05[m
history-06[m
history-07[m
history-08[m
history-09[m
history-10[m
history-11[m
history-12[m
history-13[m
history-14[m
history-15[m
history-16[m
history-17[m
history-18[m
history-19[m
history-20[m
history-21[m
history-22[m
history-23[m
history-24[m
history-25[m
history-26[m
history-27[m
history-28[m
history-29[m
history-30[m
soft-wrap-abcdefghijklmnopqrstuvwxyz-ABCDEFGHIJKLMNOPQRSTUVWXYZ-0123456789-abcde[m
fghijklmnopqrstuvwxyz[m
scrollback-ready[m
[m
