---
source: src/tests/terminal_snapshots/support.rs
expression: snapshot
---
[35;1magent-ready[m
[m
[m
[m
[m
[m
[m
[m
[m
[m
[m
[36;40m ↑ agent.sh ────────────────────────────────────────────────────────────────────[m
guest-top[m
[m
[m
[m
[m
[m
[m
[m
            [m
[m
[m
[m
