---
source: src/tests/terminal_snapshots/support.rs
expression: snapshot
---
[31m burst-49 [m
[32m burst-50 [m
[33m burst-51 [m
[34m burst-52 [m
[35m burst-53 [m
[36m burst-54 [m
[37m burst-55 [m
[31m burst-56 [m
[32m burst-57 [m
[33m burst-58 [m
[34m burst-59 [m
[35m burst-60 [m
[36m burst-61 [m
[37m burst-62 [m
[31m burst-63 [m
[32m burst-64 [m
[33m burst-65 [m
[34m burst-66 [m
[35m burst-67 [m
[36m burst-68 [m
[37m burst-69 [m
[31m burst-70 [m
burst-done[m
[m
