---
source: src/tests/terminal_snapshots/support.rs
expression: snapshot
---
guest-ready         





                                                                                
                                                                                
                                                                                
                                                                                
                                                                                
                                                                                
[38;5;6m[48;5;0m ↓ first-agent.sh ──────────────────────────────────────────────────────────────
[38;5;5m[49mold-session[39m                                                                     
old-still-running
