---
source: src/tests/terminal_snapshots/support.rs
expression: snapshot
---
[38;5;5m[49m[29m[28m[27m[25m[25m[1m[24m[22m[1m[23magent-ready






[m           [38;5;6m[48;5;0m[29m[28m[27m[25m[25m[22m[24m[22m[23m┌ Layout Mode ───────────────────────────────────────────┐
[m           [38;5;6m[48;5;0m[29m[28m[27m[25m[25m[22m[24m[22m[23m│[38;5;0m[48;5;6m[29m[28m[27m[25m[25m[1m[24m[22m[1m[23m› AI height: 50%  (-/+)[38;5;6m[48;5;0m[29m[28m[27m[25m[25m[22m[24m[22m[23m                                 │
[m           [38;5;6m[48;5;0m[29m[28m[27m[25m[25m[22m[24m[22m[23m│[38;5;15m[48;5;0m[29m[28m[27m[25m[25m[22m[24m[22m[23m  Position: Fullscreen  (p)[38;5;6m[48;5;0m[29m[28m[27m[25m[25m[22m[24m[22m[23m                             │
[m           [38;5;6m[48;5;0m[29m[28m[27m[25m[25m[22m[24m[22m[23m│[38;5;15m[48;5;0m[29m[28m[27m[25m[25m[22m[24m[22m[23m  Guest: Overlay  (g)[38;5;6m[48;5;0m[29m[28m[27m[25m[25m[22m[24m[22m[23m                                   │
[m           [38;5;6m[48;5;0m[29m[28m[27m[25m[25m[22m[24m[22m[23m│[38;5;15m[48;5;0m[29m[28m[27m[25m[25m[22m[24m[22m[23m  Fullscreen: on  (f)[38;5;6m[48;5;0m[29m[28m[27m[25m[25m[22m[24m[22m[23m                                   │
[m           [38;5;6m[48;5;0m[29m[28m[27m[25m[25m[22m[24m[22m[23m│                                                        │
[m           [38;5;6m[48;5;0m[29m[28m[27m[25m[25m[22m[24m[22m[23m│↑/↓ select  ←/→ change  Esc done                        │
[m           [38;5;6m[48;5;0m[29m[28m[27m[25m[25m[22m[24m[22m[23m│                                                        │
[m           [38;5;6m[48;5;0m[29m[28m[27m[25m[25m[22m[24m[22m[23m│                                                        │
[m           [38;5;6m[48;5;0m[29m[28m[27m[25m[25m[22m[24m[22m[23m└────────────────────────────────────────────────────────┘






[m
