---
source: src/tests/terminal_snapshots/support.rs
expression: snapshot
---
[0m[1m[38;5;5magent-ready[0m
        
        
        
        
        
        
           [0m[38;5;6m[48;5;0m┌ Layout Mode ───────────────────────────────────────────┐[0m
           [0m[38;5;6m[48;5;0m│[0m[1m[38;5;0m[48;5;6m› AI height: 50%  (-/+)[0m[38;5;6m[48;5;0m                                 │[0m
           [0m[38;5;6m[48;5;0m│[0m[38;5;15m[48;5;0m  Position: Fullscreen  (p)[0m[38;5;6m[48;5;0m                             │[0m
           [0m[38;5;6m[48;5;0m│[0m[38;5;15m[48;5;0m  Guest: Overlay  (g)[0m[38;5;6m[48;5;0m                                   │[0m
           [0m[38;5;6m[48;5;0m│[0m[38;5;15m[48;5;0m  Fullscreen: on  (f)[0m[38;5;6m[48;5;0m                                   │[0m           
           [0m[38;5;6m[48;5;0m│                                                        │[0m           
           [0m[38;5;6m[48;5;0m│↑/↓ select  ←/→ change  Esc done                        │[0m
           [0m[38;5;6m[48;5;0m│                                                        │[0m
           [0m[38;5;6m[48;5;0m│                                                        │[0m
           [0m[38;5;6m[48;5;0m└────────────────────────────────────────────────────────┘[0m
        
        
        
        
        
            
            [0m[1;1H
