---
source: src/tests/terminal_snapshots/support.rs
expression: snapshot
---
recovered-size:24 80                                                            [m
size-recovered                                                                  [m
                                                                                [m
                                                                                [m
                                                                                [m
                                                                                [m
                                                                                [m
                                                                                [m
                                                                                [m
                                                                                [m
                                                                                [m
                                                                                [m
                                                                                [m
                                                                                [m
                                                                                [m
                                                                                [m
                                                                                [m
                                                                                [m
                                                                                [m
                                                                                [m
                                                                                [m
                                                                                [m
                                                                                [m
                                                                                [m
