---
source: src/tests/terminal_snapshots/support.rs
expression: snapshot
---
guest-ready
  [0m[38;5;3m┌ Shell Input Approval ────────────────────────────────────────────────────┐[0m
  [0m[38;5;3m│[0m[38;5;15mThe AI suggests shell input:                                              [0m[38;5;3m│[0m
  [0m[38;5;3m│[0m[38;5;15m                                                                          [0m[38;5;3m│[0m
  [0m[38;5;3m│[0m[38;5;15m[48;5;237mspace tab[0m[1m[38;5;6m[48;5;237m<Tab>[0m[38;5;15m[48;5;237mline[0m[1m[38;5;6m[48;5;237m<Enter>[0m[38;5;15m                                                 [0m[38;5;3m│[0m
  [0m[38;5;3m│[0m[1m[38;5;6m[48;5;237m<Esc><C-c>[0m[38;5;15m[48;5;237mé[0m[38;5;15m                                                               [0m[38;5;3m│[0m
  [0m[38;5;3m│[0m[38;5;15m                                                                          [0m[38;5;3m│[0m
  [0m[38;5;3m│[0m[38;5;15mDescription:                                                              [0m[38;5;3m│[0m
  [0m[38;5;3m│[0m[38;5;15mExercise encoded control input.                                           [0m[38;5;3m│[0m
  [0m[38;5;3m│[0m[38;5;15m                                                                          [0m[38;5;3m│[0m
  [0m[38;5;3m│[0m[38;5;15m                                                                          [0m[38;5;3m│[0m
  [0m[38;5;3m│[0m[38;5;15m                                                                          [0m[38;5;3m│[0m
[0m[38;5;6m[48;5;0m ↓[0m[38;5;3m│[0m[38;5;15m                                                                          [0m[38;5;3m│[0m[38;5;6m[48;5;0m──[0m
ag[0m[38;5;3m│[0m[38;5;15m                                                                          [0m[38;5;3m│[0m
Qu[0m[38;5;3m│[0m[38;5;15m                                                                          [0m[38;5;3m│[0mé
  [0m[38;5;3m│[0m[38;5;15m                                                                          [0m[38;5;3m│[0m
  [0m[38;5;3m│[0m[38;5;15m                                                                          [0m[38;5;3m│[0m
  [0m[38;5;3m│[0m[38;5;15m                                                                          [0m[38;5;3m│[0m
  [0m[38;5;3m│[0m[38;5;15m                                                                          [0m[38;5;3m│[0m
  [0m[38;5;3m│[0m[38;5;15m                                                                          [0m[38;5;3m│[0m
  [0m[38;5;3m│                                                                          │[0m
  [0m[38;5;3m│                        [0m[38;5;0m[48;5;220m Approve (Y) [0m[38;5;3m  [0m[38;5;15m[48;5;238m Deny (N) [0m[38;5;3m                         │[0m
  [0m[38;5;3m└──────────────────────────────────────────────────────────────────────────┘[0m[0m[16;1H
